// Vitest Snapshot v1, https://vitest.dev/guide/snapshot.html

exports[`CSVLoader > should run 1`] = `[]`;
