// Vitest Snapshot v1, https://vitest.dev/guide/snapshot.html

exports[`LobeOpenAI > models > should get models 1`] = `
[
  {
    "description": "GPT 3.5 Turbo，适用于各种文本生成和理解任务，Currently points to gpt-3.5-turbo-0125",
    "displayName": "GPT-3.5 Turbo",
    "functionCall": true,
    "id": "gpt-3.5-turbo",
    "pricing": {
      "input": 0.5,
      "output": 1.5,
    },
    "tokens": 16385,
  },
  {
    "description": "GPT 3.5 Turbo，适用于各种文本生成和理解任务，Currently points to gpt-3.5-turbo-0125",
    "displayName": "GPT-3.5 Turbo 16K",
    "id": "gpt-3.5-turbo-16k",
    "legacy": true,
    "pricing": {
      "input": 3,
      "output": 4,
    },
    "tokens": 16385,
  },
  {
    "description": "GPT-4 提供了一个更大的上下文窗口，能够处理更长的文本输入，适用于需要广泛信息整合和数据分析的场景。",
    "displayName": "GPT-4",
    "functionCall": true,
    "id": "gpt-4",
    "pricing": {
      "input": 30,
      "output": 60,
    },
    "tokens": 8192,
  },
]
`;
